additional plugins config:
  1: |
    |-
      kubernetes:4199.va_1647c280eb_2
      workflow-aggregator:596.v8c21c963d92d
      git:5.2.1
      configuration-as-code:1775.v810dc950b_514
      kubernetes-credentials-provider
default config:
  1: |
    |-
      kubernetes:4199.va_1647c280eb_2
      workflow-aggregator:596.v8c21c963d92d
      git:5.2.1
      configuration-as-code:1775.v810dc950b_514
